Microchip MPLAB XC8 Compiler V1.45 ()

Linker command line:

-W-3 --edf=/Applications/microchip/xc8/v1.45/dat/en_msgs.txt -cs \
  -h+dist/default/production/Duplex.X.production.sym \
  --cmf=dist/default/production/Duplex.X.production.cmf -z -Q18F97J60 \
  -o/tmp/xcecS9VEB -Mdist/default/production/Duplex.X.production.map -E1 \
  -ver=XC8 -ASTACK=0A2h-0e7fh -pstack=STACK -ACODE=00h-01FFF7h \
  -ACONST=00h-01FFF7h -ASMALLCONST=01000h-010FFhx495,01FF00h-01FFF7h \
  -AMEDIUMCONST=01000h-0FFFFh,011000h-01FFF7h -ACOMRAM=01h-05Fh \
  -AABS1=00h-0E7Fh,0F00h-0F5Fh -ABIGRAM=01h-0E7Fh,0F00h-0F5Fh \
  -ARAM=060h-0FFh,0100h-01FFhx13,0E00h-0E7Fh,0F00h-0F5Fh -ABANK0=060h-0FFh \
  -ABANK1=0100h-01FFh -ABANK2=0200h-02FFh -ABANK3=0300h-03FFh \
  -ABANK4=0400h-04FFh -ABANK5=0500h-05FFh -ABANK6=0600h-06FFh \
  -ABANK7=0700h-07FFh -ABANK8=0800h-08FFh -ABANK9=0900h-09FFh \
  -ABANK10=0A00h-0AFFh -ABANK11=0B00h-0BFFh -ABANK12=0C00h-0CFFh \
  -ABANK13=0D00h-0DFFh -ABANK14=0E00h-0E7Fh -ABANK15=0F00h-0F5Fh \
  -ASFR=0E80h-0EFFh,0F60h-0FFFh \
  -preset_vec=00h,intcode=08h,intcodelo=018h,powerup,init -pramtop=01000h \
  -psmallconst=SMALLCONST -pmediumconst=MEDIUMCONST -pconst=CONST \
  -AFARRAM=00h-00h -ACONFIG=01FFF8h-01FFFDh -pconfig=CONFIG \
  -pjflash_buffer=01F800h \
  -prdata=COMRAM,nvrram=COMRAM,nvbit=COMRAM,rbss=COMRAM,rbit=COMRAM \
  -pfarbss=FARRAM,fardata=FARRAM,nvFARRAM=FARRAM \
  -pintsave_regs=BIGRAM,bigbss=BIGRAM,bigdata=BIGRAM -pbss=RAM \
  -pidata=CODE,irdata=CODE,ibigdata=CODE,ifardata=CODE -prparam=COMRAM \
  /tmp/xcjGJurkN.obj dist/default/production/Duplex.X.production.obj 

Object code version is 3.11

Machine type is 18F97J60

Call graph: (short form)




                Name                               Link     Load   Length Selector   Space Scale
/tmp/xcjGJurkN.obj
                init                                 C6       C6        4        C       0
                reset_vec                             0        0        4        0       0
                config                            1FFF8    1FFF8        6    1FFF8       0
dist/default/production/Duplex.X.production.obj
                intcodelo                            18       18       AE        C       0
                intcode                               8        8        6        4       0
                temp                                 35       35        1        1       1
                smallconst                         1000     1000        A      800       0
                intcode_body                       10EE     10EE       94      805       0
                text9                              12E0     12E0       34      805       0
                text8                              1342     1342       2A      805       0
                text7                              12A6     12A6       3A      805       0
                text6                              13B2     13B2        C      805       0
                text5                              1182     1182       78      805       0
                text4                              11FA     11FA       5A      805       0
                text3                              100A     100A       E4      805       0
                text2                              13BE     13BE        6      805       0
                text1                              136C     136C       26      805       0
                text0                              1254     1254       52      805       0
                cstackCOMRAM                          1        1       32        1       1
                cstackBANK0                          60       60       22       60       1
                dataBANK0                            82       82       20       60       1
                bssCOMRAM                            33       33        2        1       1
                cinit                              1314     1314       2E      805       0
                idataBANK0                         1392     1392       20      805       0

TOTAL           Name                               Link     Load   Length     Space
        CLASS   STACK          

        CLASS   CODE           
                intcodelo                            18       18       AE         0
                intcode                               8        8        6         0
                init                                 C6       C6        4         0
                reset_vec                             0        0        4         0
                intcode_body                       10EE     10EE       94         0
                text9                              12E0     12E0       34         0
                text8                              1342     1342       2A         0
                text7                              12A6     12A6       3A         0
                text6                              13B2     13B2        C         0
                text5                              1182     1182       78         0
                text4                              11FA     11FA       5A         0
                text3                              100A     100A       E4         0
                text2                              13BE     13BE        6         0
                text1                              136C     136C       26         0
                text0                              1254     1254       52         0
                cinit                              1314     1314       2E         0
                idataBANK0                         1392     1392       20         0

        CLASS   CONST          

        CLASS   SMALLCONST     
                smallconst                         1000     1000        A         0

        CLASS   MEDIUMCONST    

        CLASS   COMRAM         
                temp                                 35       35        1         1
                cstackCOMRAM                          1        1       32         1
                bssCOMRAM                            33       33        2         1

        CLASS   ABS1           

        CLASS   BIGRAM         

        CLASS   RAM            

        CLASS   BANK0          
                cstackBANK0                          60       60       22         1
                dataBANK0                            82       82       20         1

        CLASS   BANK1          

        CLASS   BANK2          

        CLASS   BANK3          

        CLASS   BANK4          

        CLASS   BANK5          

        CLASS   BANK6          

        CLASS   BANK7          

        CLASS   BANK8          

        CLASS   BANK9          

        CLASS   BANK10         

        CLASS   BANK11         

        CLASS   BANK12         

        CLASS   BANK13         

        CLASS   BANK14         

        CLASS   BANK15         

        CLASS   SFR            

        CLASS   FARRAM         

        CLASS   CONFIG         
                config                            1FFF8    1FFF8        6         0

        CLASS   IDLOC          



SEGMENTS        Name                           Load    Length   Top    Selector   Space  Class

                reset_vec                      000000  000004  000004         0       0  CODE    
                cstackCOMRAM                   000001  000035  000036         1       1  COMRAM  
                intcode                        000008  000006  00000E         4       0  CODE    
                intcodelo                      000018  0000B2  0000CA         C       0  CODE    
                cstackBANK0                    000060  000042  0000A2        60       1  BANK0   
                smallconst                     001000  00000A  00100A       800       0  SMALLCON
                text3                          00100A  0003BA  0013C4       805       0  CODE    
                config                         01FFF8  000006  01FFFE     1FFF8       0  CONFIG  


UNUSED ADDRESS RANGES

        Name                Unused          Largest block    Delta
        BANK0            000A2-000FF              5E
        BANK1            00100-001FF             100
        BANK10           00A00-00AFF             100
        BANK11           00B00-00BFF             100
        BANK12           00C00-00CFF             100
        BANK13           00D00-00DFF             100
        BANK14           00E00-00E7F              80
        BANK15           00F00-00F5F              60
        BANK2            00200-002FF             100
        BANK3            00300-003FF             100
        BANK4            00400-004FF             100
        BANK5            00500-005FF             100
        BANK6            00600-006FF             100
        BANK7            00700-007FF             100
        BANK8            00800-008FF             100
        BANK9            00900-009FF             100
        BIGRAM           00036-0005F              2A
                         000A2-00E7F             DDE
                         00F00-00F5F              60
        CODE             00004-00007               4
                         0000E-00017               A
                         000CA-00FFF             F36
                         013C4-1FFF7           1EC34
        COMRAM           00036-0005F              2A
        CONST            00004-00007               4
                         0000E-00017               A
                         000CA-00FFF             F36
                         013C4-1FFF7           1EC34
        MEDIUMCONST      013C4-0FFFF            EC3C
                         11000-1FFF7            EFF8
        RAM              000A2-00E7F             100
                         00F00-00F5F              60
        SFR              00E80-00EFF              80
                         00F60-00FFF              A0
        SMALLCONST       013C4-1FFF7             100
        STACK            000A2-00E7F             DDE

                                  Symbol Table

?_sprintf                      cstackCOMRAM  00028
LCD8init@F5867                 dataBANK0     00082
LCD8init@customChar            cstackBANK0   00060
LCD8init@i                     cstackBANK0   00080
LCD8send@c                     cstackCOMRAM  0002E
LCD8send@mode                  cstackCOMRAM  0002D
_HighIsr                       intcode       00008
_LATE                          (abs)         00F8D
_LATHbits                      (abs)         00F90
_LCD8init                      text3         0100A
_LCD8send                      text7         012A6
_LowIsr                        intcodelo     00018
_TRISE                         (abs)         00F96
_TRISH                         (abs)         00F99
__CFG_FOSC$HS                  (abs)         00000
__CFG_WDT$OFF                  (abs)         00000
__CFG_XINST$OFF                (abs)         00000
__HRAM                         (abs)         00000
__Habs1                        abs1          00000
__Hbank0                       bank0         00000
__Hbank1                       bank1         00000
__Hbank10                      bank10        00000
__Hbank11                      bank11        00000
__Hbank12                      bank12        00000
__Hbank13                      bank13        00000
__Hbank14                      bank14        00000
__Hbank15                      bank15        00000
__Hbank2                       bank2         00000
__Hbank3                       bank3         00000
__Hbank4                       bank4         00000
__Hbank5                       bank5         00000
__Hbank6                       bank6         00000
__Hbank7                       bank7         00000
__Hbank8                       bank8         00000
__Hbank9                       bank9         00000
__Hbigbss                      bigbss        00000
__Hbigdata                     bigdata       00000
__Hbigram                      bigram        00000
__Hbss                         bss           00000
__HbssCOMRAM                   bssCOMRAM     00000
__Hcinit                       cinit         00000
__Hclrtext                     clrtext       00000
__Hcomram                      comram        00000
__Hconfig                      config        1FFFE
__Hconst                       const         00000
__HcstackBANK0                 cstackBANK0   00000
__HcstackCOMRAM                cstackCOMRAM  00000
__Hdata                        data          00000
__HdataBANK0                   dataBANK0     00000
__Hfarbss                      farbss        00000
__Hfardata                     fardata       00000
__Hibigdata                    ibigdata      00000
__Hidata                       idata         00000
__HidataBANK0                  idataBANK0    00000
__Hidloc                       idloc         00000
__Hifardata                    ifardata      00000
__Hinit                        init          000CA
__Hintcode                     intcode       0000E
__Hintcode_body                intcode_body  00000
__Hintcodelo                   intcodelo     000C6
__Hintentry                    intentry      00000
__Hintret                      intret        00000
__Hintsave_regs                intsave_regs  00000
__Hirdata                      irdata        00000
__Hjflash_buffer               jflash_buffer 1F800
__Hmediumconst                 mediumconst   00000
__HnvFARRAM                    nvFARRAM      00000
__Hnvbit                       nvbit         00000
__Hnvrram                      nvrram        00000
__Hparam                       rparam        00000
__Hpowerup                     powerup       000C6
__Hram                         ram           00000
__Hramtop                      ramtop        01000
__Hrbit                        rbit          00000
__Hrbss                        rbss          00000
__Hrdata                       rdata         00000
__Hreset_vec                   reset_vec     00004
__Hrparam                      rparam        00000
__Hsfr                         sfr           00000
__Hsmallconst                  smallconst    0100A
__Hspace_0                     (abs)         1FFFE
__Hspace_1                     (abs)         000A2
__Hspace_2                     (abs)         00000
__Hstack                       stack         00000
__Hstruct                      struct        00000
__Htemp                        temp          00036
__Htext                        text          00000
__Htext0                       text0         00000
__Htext1                       text1         00000
__Htext2                       text2         00000
__Htext3                       text3         00000
__Htext4                       text4         00000
__Htext5                       text5         00000
__Htext6                       text6         00000
__Htext7                       text7         00000
__Htext8                       text8         00000
__Htext9                       text9         00000
__LRAM                         (abs)         00001
__Labs1                        abs1          00000
__Lbank0                       bank0         00000
__Lbank1                       bank1         00000
__Lbank10                      bank10        00000
__Lbank11                      bank11        00000
__Lbank12                      bank12        00000
__Lbank13                      bank13        00000
__Lbank14                      bank14        00000
__Lbank15                      bank15        00000
__Lbank2                       bank2         00000
__Lbank3                       bank3         00000
__Lbank4                       bank4         00000
__Lbank5                       bank5         00000
__Lbank6                       bank6         00000
__Lbank7                       bank7         00000
__Lbank8                       bank8         00000
__Lbank9                       bank9         00000
__Lbigbss                      bigbss        00000
__Lbigdata                     bigdata       00000
__Lbigram                      bigram        00000
__Lbss                         bss           00000
__LbssCOMRAM                   bssCOMRAM     00000
__Lcinit                       cinit         00000
__Lclrtext                     clrtext       00000
__Lcomram                      comram        00000
__Lconfig                      config        1FFF8
__Lconst                       const         00000
__LcstackBANK0                 cstackBANK0   00000
__LcstackCOMRAM                cstackCOMRAM  00000
__Ldata                        data          00000
__LdataBANK0                   dataBANK0     00000
__Lfarbss                      farbss        00000
__Lfardata                     fardata       00000
__Libigdata                    ibigdata      00000
__Lidata                       idata         00000
__LidataBANK0                  idataBANK0    00000
__Lidloc                       idloc         00000
__Lifardata                    ifardata      00000
__Linit                        init          000C6
__Lintcode                     intcode       00008
__Lintcode_body                intcode_body  00000
__Lintcodelo                   intcodelo     00018
__Lintentry                    intentry      00000
__Lintret                      intret        00000
__Lintsave_regs                intsave_regs  00000
__Lirdata                      irdata        00000
__Ljflash_buffer               jflash_buffer 1F800
__Lmediumconst                 mediumconst   00000
__LnvFARRAM                    nvFARRAM      00000
__Lnvbit                       nvbit         00000
__Lnvrram                      nvrram        00000
__Lparam                       rparam        00000
__Lpowerup                     powerup       000C6
__Lram                         ram           00000
__Lramtop                      ramtop        01000
__Lrbit                        rbit          00000
__Lrbss                        rbss          00000
__Lrdata                       rdata         00000
__Lreset_vec                   reset_vec     00000
__Lrparam                      rparam        00000
__Lsfr                         sfr           00000
__Lsmallconst                  smallconst    01000
__Lspace_0                     (abs)         00000
__Lspace_1                     (abs)         00000
__Lspace_2                     (abs)         00000
__Lstack                       stack         00000
__Lstruct                      struct        00000
__Ltemp                        temp          00035
__Ltext                        text          00000
__Ltext0                       text0         00000
__Ltext1                       text1         00000
__Ltext2                       text2         00000
__Ltext3                       text3         00000
__Ltext4                       text4         00000
__Ltext5                       text5         00000
__Ltext6                       text6         00000
__Ltext7                       text7         00000
__Ltext8                       text8         00000
__Ltext9                       text9         00000
__S0                           (abs)         1FFFE
__S1                           (abs)         000A2
__S2                           (abs)         00000
___extmem_base                 (abs)         20000
___inthi_sp                    stack         00000
___intlo_sp                    stack         00000
___param_bank                  (abs)         00000
___rparam_used                 (abs)         00001
___sp                          stack         00000
__accesstop                    (abs)         00060
__activetblptr                 (abs)         00003
__end_of_HighIsr               intcode_body  01182
__end_of_LCD8init              text3         010EE
__end_of_LCD8send              text7         012E0
__end_of_LowIsr                intcodelo     000C6
__end_of__initialization       cinit         01338
__end_of_customGraphics        text6         013BE
__end_of_delay_ms              text9         01314
__end_of_delay_us              text8         0136C
__end_of_displayAlphaNumeric   text4         01254
__end_of_initLCDUI             text2         013C4
__end_of_main                  text0         012A6
__end_of_moveCursorTo          text1         01392
__end_of_sprintf               text5         011FA
__initialization               cinit         01314
__mediumconst                  mediumconst   00000
__pbssCOMRAM                   bssCOMRAM     00033
__pcinit                       cinit         01314
__pcstackBANK0                 cstackBANK0   00060
__pcstackCOMRAM                cstackCOMRAM  00001
__pdataBANK0                   dataBANK0     00082
__pidataBANK0                  idataBANK0    01392
__pintcode                     intcode       00008
__pintcode_body                intcode_body  010EE
__pintcodelo                   intcodelo     00018
__psmallconst                  smallconst    01000
__ptext0                       text0         01254
__ptext1                       text1         0136C
__ptext2                       text2         013BE
__ptext3                       text3         0100A
__ptext4                       text4         011FA
__ptext5                       text5         01182
__ptext6                       text6         013B2
__ptext7                       text7         012A6
__ptext8                       text8         01342
__ptext9                       text9         012E0
__ramtop                       ramtop        01000
__size_of_HighIsr              (abs)         00000
__size_of_LCD8init             (abs)         00000
__size_of_LCD8send             (abs)         00000
__size_of_LowIsr               (abs)         00000
__size_of_customGraphics       (abs)         00000
__size_of_delay_ms             (abs)         00000
__size_of_delay_us             (abs)         00000
__size_of_displayAlphaNumeric  (abs)         00000
__size_of_initLCDUI            (abs)         00000
__size_of_main                 (abs)         00000
__size_of_moveCursorTo         (abs)         00000
__size_of_sprintf              (abs)         00000
__smallconst                   smallconst    01000
_cursorLocation                bssCOMRAM     00033
_customGraphics                text6         013B2
_delay_ms                      text9         012E0
_delay_us                      text8         01342
_displayAlphaNumeric           text4         011FA
_initLCDUI                     text2         013BE
_main                          text0         01254
_moveCursorTo                  text1         0136C
_sprintf                       text5         01182
btemp                          temp          00035
customGraphics@selectedGraphic cstackCOMRAM  0002F
delay_ms@i                     cstackCOMRAM  0002B
delay_ms@x                     cstackCOMRAM  00028
delay_us@i                     cstackCOMRAM  0002B
delay_us@x                     cstackCOMRAM  00028
displayAlphaNumeric@buffer     cstackBANK0   00060
displayAlphaNumeric@i          cstackBANK0   00070
displayAlphaNumeric@message    cstackCOMRAM  00030
end_of_initialization          cinit         01338
int$flags                      temp          00035
int_func                       intcode_body  010EE
intlevel0                      text          00000
intlevel1                      text          00000
intlevel2                      text          00000
intlevel3                      text          00000
moveCursorTo@col               cstackCOMRAM  00031
moveCursorTo@row               cstackCOMRAM  0002F
sprintf@ap                     cstackCOMRAM  0002C
sprintf@c                      cstackCOMRAM  0002F
sprintf@f                      cstackCOMRAM  0002A
sprintf@flag                   cstackCOMRAM  0002E
sprintf@sp                     cstackCOMRAM  00028
stackhi                        (abs)         00E7F
stacklo                        (abs)         000A2
start                          init          000C6
start_initialization           cinit         01314
wtemp6                         temp          00036


FUNCTION INFORMATION:

 *************** function _main *****************
 Defined at:
		line 27 in file "test.c"
 Parameters:    Size  Location     Type
		None
 Auto vars:     Size  Location     Type
		None
 Return value:  Size  Location     Type
                  1    wreg      void 
 Registers used:
		wreg, fsr1l, fsr1h, fsr2l, fsr2h, status,2, status,0, tblptrl, tblptrh, tblptru, cstack
 Tracked objects:
		On entry : 
		On exit  : 
		Unchanged: 
 Data sizes:     COMRAM   BANK0   BANK1   BANK2   BANK3   BANK4   BANK5   BANK6   BANK7   BANK8   BANK9  BANK10  BANK11  BANK12  BANK13  BANK14  BANK15
      Params:         0       0       0       0       0       0       0       0       0       0       0       0       0       0       0       0       0
      Locals:         0       0       0       0       0       0       0       0       0       0       0       0       0       0       0       0       0
      Temps:          0       0       0       0       0       0       0       0       0       0       0       0       0       0       0       0       0
      Totals:         0       0       0       0       0       0       0       0       0       0       0       0       0       0       0       0       0
Total ram usage:        0 bytes
 Hardware stack levels required when called:    6
 This function calls:
		_customGraphics
		_delay_ms
		_displayAlphaNumeric
		_initLCDUI
		_moveCursorTo
 This function is called by:
		Startup code after reset
 This function uses a non-reentrant model


 *************** function _moveCursorTo *****************
 Defined at:
		line 25 in file "LCDUI.c"
 Parameters:    Size  Location     Type
  row             2   46[COMRAM] int 
  col             2   48[COMRAM] int 
 Auto vars:     Size  Location     Type
		None
 Return value:  Size  Location     Type
                  1    wreg      void 
 Registers used:
		wreg, status,2, status,0, cstack
 Tracked objects:
		On entry : 
		On exit  : 
		Unchanged: 
 Data sizes:     COMRAM   BANK0   BANK1   BANK2   BANK3   BANK4   BANK5   BANK6   BANK7   BANK8   BANK9  BANK10  BANK11  BANK12  BANK13  BANK14  BANK15
      Params:         4       0       0       0       0       0       0       0       0       0       0       0       0       0       0       0       0
      Locals:         0       0       0       0       0       0       0       0       0       0       0       0       0       0       0       0       0
      Temps:          0       0       0       0       0       0       0       0       0       0       0       0       0       0       0       0       0
      Totals:         4       0       0       0       0       0       0       0       0       0       0       0       0       0       0       0       0
Total ram usage:        4 bytes
 Hardware stack levels used:    1
 Hardware stack levels required when called:    4
 This function calls:
		_LCD8send
 This function is called by:
		_main
		_clearDisplayAndCursorTo
 This function uses a non-reentrant model


 *************** function _initLCDUI *****************
 Defined at:
		line 15 in file "LCDUI.c"
 Parameters:    Size  Location     Type
		None
 Auto vars:     Size  Location     Type
		None
 Return value:  Size  Location     Type
                  1    wreg      void 
 Registers used:
		wreg, fsr1l, fsr1h, fsr2l, fsr2h, status,2, status,0, cstack
 Tracked objects:
		On entry : 
		On exit  : 
		Unchanged: 
 Data sizes:     COMRAM   BANK0   BANK1   BANK2   BANK3   BANK4   BANK5   BANK6   BANK7   BANK8   BANK9  BANK10  BANK11  BANK12  BANK13  BANK14  BANK15
      Params:         0       0       0       0       0       0       0       0       0       0       0       0       0       0       0       0       0
      Locals:         0       0       0       0       0       0       0       0       0       0       0       0       0       0       0       0       0
      Temps:          0       0       0       0       0       0       0       0       0       0       0       0       0       0       0       0       0
      Totals:         0       0       0       0       0       0       0       0       0       0       0       0       0       0       0       0       0
Total ram usage:        0 bytes
 Hardware stack levels used:    1
 Hardware stack levels required when called:    5
 This function calls:
		_LCD8init
 This function is called by:
		_main
 This function uses a non-reentrant model


 *************** function _LCD8init *****************
 Defined at:
		line 11 in file "LCD8.c"
 Parameters:    Size  Location     Type
		None
 Auto vars:     Size  Location     Type
  i               2   32[BANK0 ] int 
  customChar     32    0[BANK0 ] unsigned char [32]
 Return value:  Size  Location     Type
                  1    wreg      void 
 Registers used:
		wreg, fsr1l, fsr1h, fsr2l, fsr2h, status,2, status,0, cstack
 Tracked objects:
		On entry : 
		On exit  : 
		Unchanged: 
 Data sizes:     COMRAM   BANK0   BANK1   BANK2   BANK3   BANK4   BANK5   BANK6   BANK7   BANK8   BANK9  BANK10  BANK11  BANK12  BANK13  BANK14  BANK15
      Params:         0       0       0       0       0       0       0       0       0       0       0       0       0       0       0       0       0
      Locals:         0      34       0       0       0       0       0       0       0       0       0       0       0       0       0       0       0
      Temps:          0       0       0       0       0       0       0       0       0       0       0       0       0       0       0       0       0
      Totals:         0      34       0       0       0       0       0       0       0       0       0       0       0       0       0       0       0
Total ram usage:       34 bytes
 Hardware stack levels used:    1
 Hardware stack levels required when called:    4
 This function calls:
		_LCD8send
		_delay_ms
		_delay_us
 This function is called by:
		_initLCDUI
 This function uses a non-reentrant model


 *************** function _displayAlphaNumeric *****************
 Defined at:
		line 40 in file "LCDUI.c"
 Parameters:    Size  Location     Type
  message         2   47[COMRAM] PTR unsigned char 
		 -> STR_1(7), 
 Auto vars:     Size  Location     Type
  i               2   16[BANK0 ] int 
  buffer         16    0[BANK0 ] unsigned char [16]
 Return value:  Size  Location     Type
                  1    wreg      void 
 Registers used:
		wreg, fsr2l, fsr2h, status,2, status,0, tblptrl, tblptrh, tblptru, cstack
 Tracked objects:
		On entry : 
		On exit  : 
		Unchanged: 
 Data sizes:     COMRAM   BANK0   BANK1   BANK2   BANK3   BANK4   BANK5   BANK6   BANK7   BANK8   BANK9  BANK10  BANK11  BANK12  BANK13  BANK14  BANK15
      Params:         2       0       0       0       0       0       0       0       0       0       0       0       0       0       0       0       0
      Locals:         0      18       0       0       0       0       0       0       0       0       0       0       0       0       0       0       0
      Temps:          0       0       0       0       0       0       0       0       0       0       0       0       0       0       0       0       0
      Totals:         2      18       0       0       0       0       0       0       0       0       0       0       0       0       0       0       0
Total ram usage:       20 bytes
 Hardware stack levels used:    1
 Hardware stack levels required when called:    4
 This function calls:
		_LCD8send
		_sprintf
 This function is called by:
		_main
 This function uses a non-reentrant model


 *************** function _sprintf *****************
 Defined at:
		line 492 in file "/Applications/microchip/xc8/v1.45/sources/common/doprnt.c"
 Parameters:    Size  Location     Type
  sp              2   39[COMRAM] PTR unsigned char 
		 -> displayAlphaNumeric@buffer(16), 
  f               2   41[COMRAM] PTR const unsigned char 
		 -> STR_1(7), 
 Auto vars:     Size  Location     Type
  tmpval          4    0        struct .
  cp              3    0        PTR const unsigned char 
  ap              2   43[COMRAM] PTR void [1]
		 -> ?_sprintf(2), 
  len             2    0        unsigned int 
  val             2    0        unsigned int 
  c               1   46[COMRAM] char 
  flag            1   45[COMRAM] unsigned char 
  prec            1    0        char 
 Return value:  Size  Location     Type
                  2   39[COMRAM] int 
 Registers used:
		wreg, fsr2l, fsr2h, status,2, status,0, tblptrl, tblptrh, tblptru
 Tracked objects:
		On entry : 
		On exit  : 
		Unchanged: 
 Data sizes:     COMRAM   BANK0   BANK1   BANK2   BANK3   BANK4   BANK5   BANK6   BANK7   BANK8   BANK9  BANK10  BANK11  BANK12  BANK13  BANK14  BANK15
      Params:         4       0       0       0       0       0       0       0       0       0       0       0       0       0       0       0       0
      Locals:         4       0       0       0       0       0       0       0       0       0       0       0       0       0       0       0       0
      Temps:          0       0       0       0       0       0       0       0       0       0       0       0       0       0       0       0       0
      Totals:         8       0       0       0       0       0       0       0       0       0       0       0       0       0       0       0       0
Total ram usage:        8 bytes
 Hardware stack levels used:    1
 Hardware stack levels required when called:    2
 This function calls:
		Nothing
 This function is called by:
		_displayAlphaNumeric
 This function uses a non-reentrant model


 *************** function _customGraphics *****************
 Defined at:
		line 51 in file "LCDUI.c"
 Parameters:    Size  Location     Type
  selectedGrap    2   46[COMRAM] int 
 Auto vars:     Size  Location     Type
		None
 Return value:  Size  Location     Type
                  1    wreg      void 
 Registers used:
		wreg, status,2, status,0, cstack
 Tracked objects:
		On entry : 
		On exit  : 
		Unchanged: 
 Data sizes:     COMRAM   BANK0   BANK1   BANK2   BANK3   BANK4   BANK5   BANK6   BANK7   BANK8   BANK9  BANK10  BANK11  BANK12  BANK13  BANK14  BANK15
      Params:         2       0       0       0       0       0       0       0       0       0       0       0       0       0       0       0       0
      Locals:         0       0       0       0       0       0       0       0       0       0       0       0       0       0       0       0       0
      Temps:          0       0       0       0       0       0       0       0       0       0       0       0       0       0       0       0       0
      Totals:         2       0       0       0       0       0       0       0       0       0       0       0       0       0       0       0       0
Total ram usage:        2 bytes
 Hardware stack levels used:    1
 Hardware stack levels required when called:    4
 This function calls:
		_LCD8send
 This function is called by:
		_main
 This function uses a non-reentrant model


 *************** function _LCD8send *****************
 Defined at:
		line 80 in file "LCD8.c"
 Parameters:    Size  Location     Type
  c               1    wreg     unsigned char 
  mode            1   44[COMRAM] unsigned char 
 Auto vars:     Size  Location     Type
  c               1   45[COMRAM] unsigned char 
 Return value:  Size  Location     Type
                  1    wreg      void 
 Registers used:
		wreg, status,2, status,0, cstack
 Tracked objects:
		On entry : 
		On exit  : 
		Unchanged: 
 Data sizes:     COMRAM   BANK0   BANK1   BANK2   BANK3   BANK4   BANK5   BANK6   BANK7   BANK8   BANK9  BANK10  BANK11  BANK12  BANK13  BANK14  BANK15
      Params:         1       0       0       0       0       0       0       0       0       0       0       0       0       0       0       0       0
      Locals:         1       0       0       0       0       0       0       0       0       0       0       0       0       0       0       0       0
      Temps:          0       0       0       0       0       0       0       0       0       0       0       0       0       0       0       0       0
      Totals:         2       0       0       0       0       0       0       0       0       0       0       0       0       0       0       0       0
Total ram usage:        2 bytes
 Hardware stack levels used:    1
 Hardware stack levels required when called:    3
 This function calls:
		_delay_ms
		_delay_us
 This function is called by:
		_moveCursorTo
		_displayAlphaNumeric
		_customGraphics
		_LCD8init
		_clearDisplay
 This function uses a non-reentrant model


 *************** function _delay_us *****************
 Defined at:
		line 15 in file "delay.c"
 Parameters:    Size  Location     Type
  x               2   39[COMRAM] int 
 Auto vars:     Size  Location     Type
  i               2   42[COMRAM] int 
 Return value:  Size  Location     Type
                  1    wreg      void 
 Registers used:
		wreg, status,2, status,0
 Tracked objects:
		On entry : 
		On exit  : 
		Unchanged: 
 Data sizes:     COMRAM   BANK0   BANK1   BANK2   BANK3   BANK4   BANK5   BANK6   BANK7   BANK8   BANK9  BANK10  BANK11  BANK12  BANK13  BANK14  BANK15
      Params:         2       0       0       0       0       0       0       0       0       0       0       0       0       0       0       0       0
      Locals:         2       0       0       0       0       0       0       0       0       0       0       0       0       0       0       0       0
      Temps:          1       0       0       0       0       0       0       0       0       0       0       0       0       0       0       0       0
      Totals:         5       0       0       0       0       0       0       0       0       0       0       0       0       0       0       0       0
Total ram usage:        5 bytes
 Hardware stack levels used:    1
 Hardware stack levels required when called:    2
 This function calls:
		Nothing
 This function is called by:
		_LCD8init
		_LCD8send
 This function uses a non-reentrant model


 *************** function _delay_ms *****************
 Defined at:
		line 7 in file "delay.c"
 Parameters:    Size  Location     Type
  x               2   39[COMRAM] int 
 Auto vars:     Size  Location     Type
  i               2   42[COMRAM] int 
 Return value:  Size  Location     Type
                  1    wreg      void 
 Registers used:
		wreg, status,2, status,0
 Tracked objects:
		On entry : 
		On exit  : 
		Unchanged: 
 Data sizes:     COMRAM   BANK0   BANK1   BANK2   BANK3   BANK4   BANK5   BANK6   BANK7   BANK8   BANK9  BANK10  BANK11  BANK12  BANK13  BANK14  BANK15
      Params:         2       0       0       0       0       0       0       0       0       0       0       0       0       0       0       0       0
      Locals:         2       0       0       0       0       0       0       0       0       0       0       0       0       0       0       0       0
      Temps:          1       0       0       0       0       0       0       0       0       0       0       0       0       0       0       0       0
      Totals:         5       0       0       0       0       0       0       0       0       0       0       0       0       0       0       0       0
Total ram usage:        5 bytes
 Hardware stack levels used:    1
 Hardware stack levels required when called:    2
 This function calls:
		Nothing
 This function is called by:
		_LCD8init
		_LCD8send
		_main
 This function uses a non-reentrant model


 *************** function _LowIsr *****************
 Defined at:
		line 22 in file "test.c"
 Parameters:    Size  Location     Type
		None
 Auto vars:     Size  Location     Type
		None
 Return value:  Size  Location     Type
                  1    wreg      void 
 Registers used:
		None
 Tracked objects:
		On entry : 
		On exit  : 
		Unchanged: 
 Data sizes:     COMRAM   BANK0   BANK1   BANK2   BANK3   BANK4   BANK5   BANK6   BANK7   BANK8   BANK9  BANK10  BANK11  BANK12  BANK13  BANK14  BANK15
      Params:         0       0       0       0       0       0       0       0       0       0       0       0       0       0       0       0       0
      Locals:         0       0       0       0       0       0       0       0       0       0       0       0       0       0       0       0       0
      Temps:         21       0       0       0       0       0       0       0       0       0       0       0       0       0       0       0       0
      Totals:        21       0       0       0       0       0       0       0       0       0       0       0       0       0       0       0       0
Total ram usage:       21 bytes
 Hardware stack levels used:    1
 Hardware stack levels required when called:    1
 This function calls:
		Nothing
 This function is called by:
		Interrupt level 1
 This function uses a non-reentrant model


 *************** function _HighIsr *****************
 Defined at:
		line 17 in file "test.c"
 Parameters:    Size  Location     Type
		None
 Auto vars:     Size  Location     Type
		None
 Return value:  Size  Location     Type
                  1    wreg      void 
 Registers used:
		None
 Tracked objects:
		On entry : 
		On exit  : 
		Unchanged: 
 Data sizes:     COMRAM   BANK0   BANK1   BANK2   BANK3   BANK4   BANK5   BANK6   BANK7   BANK8   BANK9  BANK10  BANK11  BANK12  BANK13  BANK14  BANK15
      Params:         0       0       0       0       0       0       0       0       0       0       0       0       0       0       0       0       0
      Locals:         0       0       0       0       0       0       0       0       0       0       0       0       0       0       0       0       0
      Temps:         18       0       0       0       0       0       0       0       0       0       0       0       0       0       0       0       0
      Totals:        18       0       0       0       0       0       0       0       0       0       0       0       0       0       0       0       0
Total ram usage:       18 bytes
 Hardware stack levels used:    1
 This function calls:
		Nothing
 This function is called by:
		Interrupt level 2
 This function uses a non-reentrant model



MODULE INFORMATION

Module		Function		Class		Link	Load	Size
LCD8.c
		_LCD8init      		CODE           	100A	0000	229
		_LCD8send      		CODE           	12A6	0000	59

LCD8.c estimated size: 288

delay.c
		_delay_us      		CODE           	1342	0000	43
		_delay_ms      		CODE           	12E0	0000	53

delay.c estimated size: 96

test.c
		_HighIsr       		CODE           	0008	0000	155
		_main          		CODE           	1254	0000	83
		_LowIsr        		CODE           	0018	0000	175

test.c estimated size: 413

LCDUI.c
		_displayAlphaNumeric		CODE           	11FA	0000	91
		_customGraphics		CODE           	13B2	0000	13
		_moveCursorTo  		CODE           	136C	0000	39
		_initLCDUI     		CODE           	13BE	0000	7

LCDUI.c estimated size: 150

/Applications/microchip/xc8/v1.45/sources/common/doprnt.c
		_sprintf       		CODE           	1182	0000	121

/Applications/microchip/xc8/v1.45/sources/common/doprnt.c estimated size: 121

shared
		__initialization		CODE           	1314	0000	37

shared estimated size: 37

